// Jest Snapshot v1, https://goo.gl/fbAQLP

exports[`buy component is the same 1`] = `
<div
  className="buy"
>
  <select
    className="buy-choice"
    name="select-item-to-buy"
  >
    <option
      onClick={[Function]}
      value="NONE"
    >
      NONE
    </option>
    <option
      onClick={[Function]}
      value="STOCK"
    >
      STOCK
    </option>
    <option
      onClick={[Function]}
      value="REALESTATE"
    >
      REALESTATE
    </option>
    <option
      onClick={[Function]}
      value="D2Y"
    >
      D2Y
    </option>
    <option
      onClick={[Function]}
      value="LAND"
    >
      LAND
    </option>
    <option
      onClick={[Function]}
      value="BUSINESS"
    >
      BUSINESS
    </option>
  </select>
  <div>
    <h1>
      NONE
    </h1>
    <form
      className="v"
    >
      <label>
        Spending:
      </label>
      0
      <label>
        <h3>
          Cash:
        </h3>
      </label>
      <h3>
        3,950
      </h3>
      
      <button
        onClick={[Function]}
      >
        BUY
      </button>
    </form>
  </div>
</div>
`;
